
> mbezu-frontend@2.0.0 deploy
> npm run tilda:check && npm run typecheck && npm run test && npm run build && npm run containers:seo && npm run verify:containers && npm run deploy:cdn && npm run push && npm run verify


> mbezu-frontend@2.0.0 tilda:check
> node scripts/tilda-session.mjs check

  (восстановил 9 cookie из слепка)

  Проверка редактора pageid=142947296:
   URL: https://tilda.ru/page/?pageid=142947296&projectid=13712449
   редирект на логин: false · «Авторизуйтесь»: false · блоков на странице: 1
   слепок cookie сохранён: 12 шт → .secrets/tilda-cookies.json

  ✓ РЕДАКТОР ОТКРЫЛСЯ — сессия рабочая


> mbezu-frontend@2.0.0 typecheck
> tsc --noEmit


> mbezu-frontend@2.0.0 test
> vitest run


[1m[7m[36m RUN [39m[27m[22m [36mv2.1.9 [39m[90mC:/MBezu/mbezu-frontend[39m

 [32m✓[39m src/__tests__/lead.test.ts [2m([22m[2m13 tests[22m[2m)[22m[90m 8[2mms[22m[39m
 [32m✓[39m src/__tests__/unit.test.ts [2m([22m[2m21 tests[22m[2m)[22m[90m 27[2mms[22m[39m

[2m Test Files [22m [1m[32m2 passed[39m[22m[90m (2)[39m
[2m      Tests [22m [1m[32m34 passed[39m[22m[90m (34)[39m
[2m   Start at [22m 20:07:45
[2m   Duration [22m 567ms[2m (transform 148ms, setup 0ms, collect 233ms, tests 35ms, environment 0ms, prepare 223ms)[22m


> mbezu-frontend@2.0.0 build
> vite build && node --import tsx scripts/prerender.tsx && node scripts/gen-entry-loaders.mjs

[36mvite v5.4.21 [32mbuilding for production...[36m[39m
transforming...
[32m✓[39m 159 modules transformed.
rendering chunks...
computing gzip size...
[2mdist/[22m[32mcart.html                                  [39m[1m[2m  0.93 kB[22m[1m[22m[2m │ gzip:   0.51 kB[22m
[2mdist/[22m[32mabout.html                                 [39m[1m[2m  0.93 kB[22m[1m[22m[2m │ gzip:   0.52 kB[22m
[2mdist/[22m[32mcatalog.html                               [39m[1m[2m  0.93 kB[22m[1m[22m[2m │ gzip:   0.52 kB[22m
[2mdist/[22m[32mtracking.html                              [39m[1m[2m  0.94 kB[22m[1m[22m[2m │ gzip:   0.52 kB[22m
[2mdist/[22m[32mlegal.html                                 [39m[1m[2m  0.94 kB[22m[1m[22m[2m │ gzip:   0.54 kB[22m
[2mdist/[22m[32mpainting.html                              [39m[1m[2m  1.00 kB[22m[1m[22m[2m │ gzip:   0.53 kB[22m
[2mdist/[22m[32mcommission.html                            [39m[1m[2m  1.02 kB[22m[1m[22m[2m │ gzip:   0.54 kB[22m
[2mdist/[22m[32mindex.html                                 [39m[1m[2m  1.10 kB[22m[1m[22m[2m │ gzip:   0.59 kB[22m
[2mdist/[22m[32m.vite/manifest.json                        [39m[1m[2m  2.86 kB[22m[1m[22m[2m │ gzip:   0.56 kB[22m
[2mdist/[22m[35massets/style-Br2VpiKO.css                  [39m[1m[2m 11.68 kB[22m[1m[22m[2m │ gzip:   3.15 kB[22m
[2mdist/[22m[36massets/modulepreload-polyfill-B5Qt9EMX.js  [39m[1m[2m  0.71 kB[22m[1m[22m[2m │ gzip:   0.40 kB[22m
[2mdist/[22m[36massets/tildaLead-Od7wmfh9.js               [39m[1m[2m  2.70 kB[22m[1m[22m[2m │ gzip:   1.47 kB[22m
[2mdist/[22m[36massets/ar-JzrgdW7d.js                      [39m[1m[2m  5.42 kB[22m[1m[22m[2m │ gzip:   2.66 kB[22m
[2mdist/[22m[36massets/catalog-BW0aKaYW.js                 [39m[1m[2m  6.60 kB[22m[1m[22m[2m │ gzip:   2.62 kB[22m
[2mdist/[22m[36massets/about-BRR-49tw.js                   [39m[1m[2m  8.37 kB[22m[1m[22m[2m │ gzip:   2.55 kB[22m
[2mdist/[22m[36massets/tracking-2k5j34Y0.js                [39m[1m[2m  8.41 kB[22m[1m[22m[2m │ gzip:   3.24 kB[22m
[2mdist/[22m[36massets/painting-DRnpC3TU.js                [39m[1m[2m  9.18 kB[22m[1m[22m[2m │ gzip:   3.75 kB[22m
[2mdist/[22m[36massets/cart-BV63BhMs.js                    [39m[1m[2m 14.99 kB[22m[1m[22m[2m │ gzip:   4.25 kB[22m
[2mdist/[22m[36massets/commission-uolCKLQ0.js              [39m[1m[2m 19.94 kB[22m[1m[22m[2m │ gzip:   6.71 kB[22m
[2mdist/[22m[36massets/legal-BjWfXm3O.js                   [39m[1m[2m 26.57 kB[22m[1m[22m[2m │ gzip:   8.83 kB[22m
[2mdist/[22m[36massets/home-B-Aiod1b.js                    [39m[1m[2m 30.99 kB[22m[1m[22m[2m │ gzip:   8.47 kB[22m
[2mdist/[22m[36massets/common-WWcyCtSj.js                  [39m[1m[2m189.82 kB[22m[1m[22m[2m │ gzip:  62.51 kB[22m
[2mdist/[22m[36massets/model-viewer-CI_mGsJC.js            [39m[1m[2m929.92 kB[22m[1m[22m[2m │ gzip: 260.18 kB[22m
[32m✓ built in 2.97s[39m
Warning: React does not recognize the `fetchPriority` prop on a DOM element. If you intentionally want it to appear in the DOM as a custom attribute, spell it as lowercase `fetchpriority` instead. If you accidentally passed it from a parent component, remove it from the DOM element.
    at img
    at div
    at PaintingPlate (C:\MBezu\mbezu-frontend\src\common\adapter.tsx:25:33)
    at figure
    at div
    at div
    at div
    at section
    at HeroEditorial (C:\MBezu\mbezu-frontend\src\pages\home.tsx:19:26)
    at div
    at HomePage (C:\MBezu\mbezu-frontend\src\pages\home.tsx:1020:21)
    at main
  ✓ index.html
  ✓ about/index.html
  ✓ catalog/index.html
  ✓ commission/index.html
  ✓ legal/index.html
  ✓ cart/index.html (head only)
  ✓ painting/index.html + 22 per-artwork dirs
  ✓ catalog/<series> × 4 (monohromnaya, ulitsy-mira, tihaya-sila, tondo)
  ✓ tracking/index.html (redirect → /)
  ✓ sitemap.xml (26 urls)
[prerender] done — 33 html pages generated
e/style.css → /assets/style-Br2VpiKO.css
e/home.js → /assets/home-B-Aiod1b.js + /assets/style-Br2VpiKO.css (+4 preloads)
e/about.js → /assets/about-BRR-49tw.js + /assets/style-Br2VpiKO.css (+2 preloads)
e/catalog.js → /assets/catalog-BW0aKaYW.js + /assets/style-Br2VpiKO.css (+2 preloads)
e/commission.js → /assets/commission-uolCKLQ0.js + /assets/style-Br2VpiKO.css (+3 preloads)
e/legal.js → /assets/legal-BjWfXm3O.js + /assets/style-Br2VpiKO.css (+2 preloads)
e/cart.js → /assets/cart-BV63BhMs.js + /assets/style-Br2VpiKO.css (+2 preloads)
skip tracking: no module entry found
e/painting.js → /assets/painting-DRnpC3TU.js + /assets/style-Br2VpiKO.css (+3 preloads)
loaders: 7

> mbezu-frontend@2.0.0 containers:seo
> node scripts/gen-seo-containers.mjs

  ✓ out/containers/home.html — 42KB · h1=1 h2=8 jsonld=0
  ✓ out/containers/about.html — 21KB · h1=1 h2=3 jsonld=1
  ✓ out/containers/catalog.html — 58KB · h1=1 h2=2 jsonld=2
  ✓ out/containers/commission.html — 40KB · h1=1 h2=4 jsonld=2
  ✓ out/containers/legal.html — 20KB · h1=1 h2=1 jsonld=1
  ✓ out/manual-steps.md (фолбэк для ручной заливки)
[seo-containers] 5 готово

> mbezu-frontend@2.0.0 verify:containers
> node scripts/verify-containers.mjs

  ✓ about.html       h1=1 заголовков=4 jsonld=1 склеек=0
  ✓ catalog.html     h1=1 заголовков=3 jsonld=2 склеек=0
  ✓ commission.html  h1=1 заголовков=5 jsonld=2 склеек=0
  ✓ home.html        h1=1 заголовков=9 jsonld=0 склеек=0
  ✓ legal.html       h1=1 заголовков=2 jsonld=1 склеек=0

  Контейнеры чистые: один H1, склеек нет.


> mbezu-frontend@2.0.0 deploy:cdn
> node scripts/deploy-cdn.mjs

  нечего пушить, проверяю что CDN уже отдаёт нужные ассеты
  жду CDN (fca82e4): modulepreload-polyfill-B5Qt9EMX.js, common-WWcyCtSj.js, ar-JzrgdW7d.js, tildaLead-Od7wmfh9.js, style-Br2VpiKO.css, home-B-Aiod1b.js
  ✓ CDN отдаёт свежую сборку

Assertion failed: !(handle->flags & UV_HANDLE_CLOSING), file src\win\async.c, line 76
