
> mbezu-frontend@2.0.0 push
> node scripts/tilda-push.mjs

  (восстановил 12 cookie из слепка)

  Снапшот → backup\tilda-snapshot\2026-08-29T17-08-19
   ✓ home        блок=42KB мета=снята
   ✓ catalog     блок=58KB мета=снята
   ✓ about       блок=21KB мета=снята
   ✓ commission  блок=40KB мета=снята
   ✓ legal       блок=20KB мета=снята

  ── home (pageId 142947296, /)
     контейнер: записан и сверен · 42KB
     мета: записана и сверена
     publish: 200

  ── catalog (pageId 142948046, /catalog)
     контейнер: записан и сверен · 58KB
     мета: записана и сверена
     publish: 200

  ── about (pageId 142948406, /about)
     контейнер: записан и сверен · 21KB
     мета: записана и сверена
     publish: 200

  ── commission (pageId 142949736, /commission)
     контейнер: записан и сверен · 40KB
     мета: записана и сверена
     publish: 200

  ── legal (pageId 142950726, /legal)
     контейнер: записан и сверен · 20KB
     мета: записана и сверена
     publish: 200

  Итог заливки:
   home        контейнер=записан и сверен · 42KB · мета=записана и сверена · publish=200
   catalog     контейнер=записан и сверен · 58KB · мета=записана и сверена · publish=200
   about       контейнер=записан и сверен · 21KB · мета=записана и сверена · publish=200
   commission  контейнер=записан и сверен · 40KB · мета=записана и сверена · publish=200
   legal       контейнер=записан и сверен · 20KB · мета=записана и сверена · publish=200

  Снапшот для отката: backup\tilda-snapshot\2026-08-29T17-08-19

